ASxxxx Linker V03.00 + NoICE + sdld,  page 1.
Hexadecimal  [32-Bits]

Area                                    Addr        Size        Decimal Bytes (Attributes)
--------------------------------        ----        ----        ------- ----- ------------
.  .ABS.                            00000000    00000000 =           0. bytes (ABS,CON)

      Value  Global                              Global Defined In Module
      -----  --------------------------------   ------------------------
     00000000  .__.ABS.                           
     00000000  _g_SUBRID                          vgm_player
     00000000  l__BSEG                         
     00000000  l__BSS                          
     00000000  l__CABS                         
     00000000  l__DABS                         
     00000000  l__GSFINAL                      
     00000000  l__HEADER                       
     00000000  l__HEADER0                      
     00000000  l__HEAP                         
     00000000  l__RODATA                       
     00000000  s__CABS                         
     00000000  s__DABS                         
     00000000  s__HEADER                       
     00000000  s__HEADER0                      
     00000002  _g_STRSRC                          vgm_player
     00000004  _g_CGTABL                          print
     00000006  _g_VDP_DR                          print
     00000007  _g_VDP_DW                          print
     0000002B  _g_BASRVN                          print
     0000002B  _g_ROMVersion                      print
     0000002D  _g_MSXVER                          print
     0000002E  _g_MSXMID                          print
     00000034  _g_CHAR_16                         print
     00000041  l__GSINIT                       
     00000047  l__INITIALIZED                  
     00000047  l__INITIALIZER                  
     000001F5  l__HOME                         
     0000022C  l__DATA                         
     00000604  l__SEG30                        
     00001030  l__SEG37                        
     00001060  l__SEG39                        
     00001996  l__SEG3                         
     00002089  l__SEG34                        
     000022B3  l__CODE                         
     00002816  l__SEG51                        
     000028A4  l__SEG44                        
     000028F4  l__SEG50                        
     00002BAF  l__SEG4                         
     00003320  l__SEG48                        
     0000359A  l__SEG49                        
     000035D9  l__SEG45                        
     0000376A  l__SEG47                        
     00003C00  l__SEG55                        
     00003DB0  l__SEG46                        
     00003E20  l__SEG5                         
     00003E99  l__SEG2                         
     00004000  l__SEG31                        
     00004000  l__SEG32                        
     00004000  l__SEG33                        
ASxxxx Linker V03.00 + NoICE + sdld,  page 2.
Hexadecimal  [32-Bits]

Area                                    Addr        Size        Decimal Bytes (Attributes)
--------------------------------        ----        ----        ------- ----- ------------
.  .ABS.                            00000000    00000000 =           0. bytes (ABS,CON)

      Value  Global                              Global Defined In Module
      -----  --------------------------------   ------------------------
     00004000  l__SEG35                        
     00004000  l__SEG36                        
     00004000  l__SEG38                        
     00004000  l__SEG40                        
     00004000  l__SEG41                        
     00004000  l__SEG42                        
     00004000  l__SEG43                        
     00004000  l__SEG52                        
     00004000  l__SEG53                        
     00004000  l__SEG54                        
     00004000  l__SEG56                        
     00004000  s__CODE                         
     000062B3  s__HOME                         
     000064A8  s__INITIALIZER                  
     000064A8  s__RODATA                       
     000064EF  s__GSINIT                       
     00006530  s__GSFINAL                      
     0000C000  s__DATA                         
     0000C22C  s__INITIALIZED                  
     0000C273  s__BSEG                         
     0000C273  s__BSS                          
     0000C273  s__HEAP                         
     0000F30F  _g_KANJTABLE                       vgm_player
     0000F323  _g_DISKVE                          vgm_player
     0000F325  _g_BREAKV                          vgm_player
     0000F341  _g_RAMAD0                          vgm_player
     0000F342  _g_RAMAD1                          vgm_player
     0000F343  _g_RAMAD2                          vgm_player
     0000F344  _g_RAMAD3                          vgm_player
     0000F348  _g_MASTER                          vgm_player
     0000F37D  _g_BDOS                            vgm_player
     0000F380  _g_RDPRIM                          print
     0000F385  _g_WRPRIM                          print
     0000F38C  _g_CLPRIM                          print
     0000F39A  _g_USRTAB                          print
     0000F3AE  _g_LINL40                          print
     0000F3AF  _g_LINL32                          print
     0000F3B0  _g_LINLEN                          print
     0000F3B1  _g_CRTCNT                          print
     0000F3B2  _g_CLMLST                          print
     0000F3B3  _g_TXTNAM                          print
     0000F3B5  _g_TXTCOL                          print
     0000F3B7  _g_TXTCGP                          print
     0000F3B9  _g_TXTATR                          print
     0000F3BB  _g_TXTPAT                          print
     0000F3BD  _g_T32NAM                          print
     0000F3BF  _g_T32COL                          print
     0000F3C1  _g_T32CGP                          print
     0000F3C3  _g_T32ATR                          print
     0000F3C5  _g_T32PAT                          print
     0000F3C7  _g_GRPNAM                          print
ASxxxx Linker V03.00 + NoICE + sdld,  page 3.
Hexadecimal  [32-Bits]

Area                                    Addr        Size        Decimal Bytes (Attributes)
--------------------------------        ----        ----        ------- ----- ------------
.  .ABS.                            00000000    00000000 =           0. bytes (ABS,CON)

      Value  Global                              Global Defined In Module
      -----  --------------------------------   ------------------------
     0000F3C9  _g_GRPCOL                          print
     0000F3CB  _g_GRPCGP                          print
     0000F3CD  _g_GRPATR                          print
     0000F3CF  _g_GRPPAT                          print
     0000F3D1  _g_MLTNAM                          print
     0000F3D3  _g_MLTCOL                          print
     0000F3D5  _g_MLTCGP                          print
     0000F3D7  _g_MLTATR                          print
     0000F3D9  _g_MLTPAT                          print
     0000F3DB  _g_CLIKSW                          print
     0000F3DC  _g_CSRY                            print
     0000F3DD  _g_CSRX                            print
     0000F3DE  _g_CNSDFG                          print
     0000F3DF  _g_RG0SAV                          print
     0000F3E0  _g_RG1SAV                          print
     0000F3E1  _g_RG2SAV                          print
     0000F3E2  _g_RG3SAV                          print
     0000F3E3  _g_RG4SAV                          print
     0000F3E4  _g_RG5SAV                          print
     0000F3E5  _g_RG6SAV                          print
     0000F3E6  _g_RG7SAV                          print
     0000F3E7  _g_STATFL                          print
     0000F3E8  _g_TRGFLG                          print
     0000F3E9  _g_FORCLR                          print
     0000F3EA  _g_BAKCLR                          print
     0000F3EB  _g_BDRCLR                          print
     0000F3EC  _g_MAXUPD                          print
     0000F3EF  _g_MINUPD                          print
     0000F3F2  _g_ATRBYT                          print
     0000F3F3  _g_QUEUES                          print
     0000F3F5  _g_FRCNEW                          print
     0000F3F6  _g_SCNCNT                          print
     0000F3F7  _g_REPCNT                          print
     0000F3F8  _g_PUTPNT                          print
     0000F3FA  _g_GETPNT                          print
     0000F3FC  _g_CS120                           print
     0000F401  _g_CS240                           print
     0000F406  _g_LOW                             print
     0000F408  _g_HIGH                            print
     0000F40A  _g_HEADER                          print
     0000F40B  _g_ASPCT1                          print
     0000F40D  _g_ASPCT2                          print
     0000F87F  _g_FNKSTR                          print
     0000F92A  _g_CLOC                            print
     0000F92C  _g_CMASK                           print
     0000F959  _g_QUETAB                          print
     0000F971  _g_QUEBAK                          print
     0000F975  _g_VOICAQ                          print
     0000F9F5  _g_VOICBQ                          print
     0000FA75  _g_VOICCQ                          print
     0000FAF5  _g_DPPAGE                          print
ASxxxx Linker V03.00 + NoICE + sdld,  page 4.
Hexadecimal  [32-Bits]

Area                                    Addr        Size        Decimal Bytes (Attributes)
--------------------------------        ----        ----        ------- ----- ------------
.  .ABS.                            00000000    00000000 =           0. bytes (ABS,CON)

      Value  Global                              Global Defined In Module
      -----  --------------------------------   ------------------------
     0000FAF5  _g_RS2IQ                           print
     0000FAF6  _g_ACPAGE                          print
     0000FAF7  _g_AVCSAV                          print
     0000FAF8  _g_EXBRSA                          print
     0000FAF9  _g_CHRCNT                          print
     0000FAFA  _g_ROMA                            print
     0000FAFC  _g_MODE                            print
     0000FAFD  _g_NORUSE                          print
     0000FAFE  _g_XSAVE                           print
     0000FB00  _g_YSAVE                           print
     0000FB02  _g_LOGOPR                          print
     0000FB03  _g_RSTMP                           print
     0000FB03  _g_TOCNT                           print
     0000FB04  _g_RSFCB                           print
     0000FB06  _g_RSIQLN                          print
     0000FB07  _g_MEXBIh                          print
     0000FB0C  _g_OLDINT                          print
     0000FB0C  _g_OLDSTT                          print
     0000FB16  _g_DEVNUM                          print
     0000FB17  _g_DATCNT                          print
     0000FB1A  _g_ERRORS                          print
     0000FB1B  _g_FLAGS                           print
     0000FB1C  _g_ESTBLS                          print
     0000FB1D  _g_COMMSK                          print
     0000FB1E  _g_LSTCOM                          print
     0000FB1F  _g_LSTMOD                          print
     0000FB35  _g_PRSCNT                          print
     0000FB36  _g_SAVSP                           print
     0000FB38  _g_VOICEN                          print
     0000FB39  _g_SAVVOL                          print
     0000FB3B  _g_MCLLEN                          print
     0000FB3C  _g_MCLPTR                          print
     0000FB3E  _g_QUEUEN                          print
     0000FB3F  _g_MUSICF                          print
     0000FB40  _g_PLYCNT                          print
     0000FB41  _g_VCBA                            print
     0000FB66  _g_VCBB                            print
     0000FB8B  _g_VCBC                            print
     0000FBB0  _g_ENSTOP                          print
     0000FBB1  _g_BASROM                          print
     0000FBB2  _g_LINTTB                          print
     0000FBCA  _g_FSTPOS                          print
     0000FBCC  _g_CODSAV                          print
     0000FBCD  _g_FNKSWI                          print
     0000FBCE  _g_FNKFLG                          print
     0000FBD8  _g_ONGSBF                          print
     0000FBD9  _g_CLIKFL                          print
     0000FBDA  _g_OLDKEY                          print
     0000FBE5  _g_NEWKEY                          print
     0000FBF0  _g_KEYBUF                          print
     0000FC18  _g_LINWRK                          print
ASxxxx Linker V03.00 + NoICE + sdld,  page 5.
Hexadecimal  [32-Bits]

Area                                    Addr        Size        Decimal Bytes (Attributes)
--------------------------------        ----        ----        ------- ----- ------------
.  .ABS.                            00000000    00000000 =           0. bytes (ABS,CON)

      Value  Global                              Global Defined In Module
      -----  --------------------------------   ------------------------
     0000FC40  _g_PATWRK                          print
     0000FC48  _g_BOTTOM                          print
     0000FC4A  _g_HIMEM                           print
     0000FC4C  _g_TRPTBL                          print
     0000FC9A  _g_RTYCNT                          print
     0000FC9B  _g_INTFLG                          print
     0000FC9C  _g_PADY                            print
     0000FC9D  _g_PADX                            print
     0000FC9E  _g_JIFFY                           print
     0000FCA0  _g_INTVAL                          print
     0000FCA2  _g_INTCNT                          print
     0000FCA4  _g_LOWLIM                          print
     0000FCA5  _g_WINWID                          print
     0000FCA6  _g_GRPHED                          print
     0000FCA7  _g_ESCCNT                          print
     0000FCA8  _g_INSFLG                          print
     0000FCA9  _g_CSRSW                           print
     0000FCAA  _g_CSTYLE                          print
     0000FCAB  _g_CAPST                           print
     0000FCAC  _g_KANAST                          print
     0000FCAD  _g_KANAMD                          print
     0000FCAE  _g_FLBMEM                          print
     0000FCAF  _g_SCRMOD                          print
     0000FCB0  _g_OLDSCR                          print
     0000FCB1  _g_CASPRV                          print
     0000FCB2  _g_BRDATR                          print
     0000FCB3  _g_GXPOS                           print
     0000FCB5  _g_GYPOS                           print
     0000FCB7  _g_GRPACX                          print
     0000FCB9  _g_GRPACY                          print
     0000FCBB  _g_DRWFLG                          print
     0000FCBC  _g_DRWSCL                          print
     0000FCBD  _g_DRWANG                          print
     0000FCC1  _g_EXPTBL                          print
     0000FCC1  _g_MNROM                           print
     0000FCC5  _g_SLTTBL                          print
     0000FCC9  _g_SLTATR                          print
     0000FD09  _g_SLTWRK                          print
     0000FD89  _g_PROCNM                          print
     0000FFE7  _g_RG08SAV                         print
     0000FFE8  _g_RG09SAV                         print
     0000FFE9  _g_RG10SAV                         print
     0000FFEA  _g_RG11SAV                         print
     0000FFEB  _g_RG12SAV                         print
     0000FFEC  _g_RG13SAV                         print
     0000FFED  _g_RG14SAV                         print
     0000FFEE  _g_RG15SAV                         print
     0000FFEF  _g_RG16SAV                         print
     0000FFF0  _g_RG17SAV                         print
     0000FFF1  _g_RG18SAV                         print
     0000FFF2  _g_RG19SAV                         print
ASxxxx Linker V03.00 + NoICE + sdld,  page 6.
Hexadecimal  [32-Bits]

Area                                    Addr        Size        Decimal Bytes (Attributes)
--------------------------------        ----        ----        ------- ----- ------------
.  .ABS.                            00000000    00000000 =           0. bytes (ABS,CON)

      Value  Global                              Global Defined In Module
      -----  --------------------------------   ------------------------
     0000FFF3  _g_RG20SAV                         print
     0000FFF4  _g_RG21SAV                         print
     0000FFF5  _g_RG22SAV                         print
     0000FFF6  _g_RG23SAV                         print
     0000FFF7  _g_MINROM                          print
     0000FFF8  _g_SVFFF8                          print
     0000FFFA  _g_RG25SAV                         print
     0000FFFB  _g_RG26SAV                         print
     0000FFFC  _g_RG27SAV                         print
     0000FFFD  _g_SVFFFD                          print
     0000FFFF  _g_SLTSL                           print
     00028000  s__SEG2                         
     00038000  s__SEG3                         
     00048000  s__SEG4                         
     00058000  s__SEG5                         
     001E8000  s__SEG30                        
     001F8000  s__SEG31                        
     00208000  s__SEG32                        
     00218000  s__SEG33                        
     00228000  s__SEG34                        
     00238000  s__SEG35                        
     00248000  s__SEG36                        
     00258000  s__SEG37                        
     00268000  s__SEG38                        
     00278000  s__SEG39                        
     00288000  s__SEG40                        
     00298000  s__SEG41                        
     002A8000  s__SEG42                        
     002B8000  s__SEG43                        
     002C8000  s__SEG44                        
     002D8000  s__SEG45                        
     002E8000  s__SEG46                        
     002F8000  s__SEG47                        
     00308000  s__SEG48                        
     00318000  s__SEG49                        
     00328000  s__SEG50                        
     00338000  s__SEG51                        
     00348000  s__SEG52                        
     00358000  s__SEG53                        
     00368000  s__SEG54                        
     00378000  s__SEG55                        
     00388000  s__SEG56                        

ASxxxx Linker V03.00 + NoICE + sdld,  page 7.
Hexadecimal  [32-Bits]

Area                                    Addr        Size        Decimal Bytes (Attributes)
--------------------------------        ----        ----        ------- ----- ------------
_CODE                               00004000    000022B3 =        8883. bytes (REL,CON)

      Value  Global                              Global Defined In Module
      -----  --------------------------------   ------------------------
     00004000  _g_FirstAddr                       crt0
     00004000  _g_HeaderAddr                      crt0
     00004000  crt0_rom_header                    crt0
     00004018  _g_AppSignature                    crt0
     0000402B  crt0_p1_to_p2                      crt0
     0000406C  set_bank                           crt0
     00004073  get_bank                           crt0
     00004077  _Trampoline_VOID                   soccerlg
     00004090  _g_TeamStats                       soccerlg
     000040AE  _g_MusicEntry                      soccerlg
     000040C3  _Trampoline_VOID_P1                soccerlg
     000040EB  _Trampoline_VOID_P2                soccerlg
     00004118  _Trampoline_VOID_16_P2             soccerlg
     00004162  _Trampoline_U8                     soccerlg
     0000417B  _Trampoline_U8_P1                  soccerlg
     000041A3  _Trampoline_U8_P2                  soccerlg
     000041D0  _Trampoline_BOOL_P1                soccerlg
     000041F8  _PlayPcm                           soccerlg
     000042EE  _PlayAyFx                          soccerlg
     000042EF  _PlayVGM                           soccerlg
     00004327  _LoadMsxVdpFonts                   soccerlg
     00004349  _V9990_LoadButtonsImageData        soccerlg
     000043CF  _V9990_LoadP1LayerA                soccerlg
     00004466  _V9990_LoadP1LayerB                soccerlg
     00004523  _V9990_LoadImagePresentationData   soccerlg
     000045A5  _V9990_LoadMenuTeamsData           soccerlg
     0000467B  _V9990_LoadSprites                 soccerlg
     000046C8  _V9990_PrintLayerAStringAtPos      soccerlg
     00004726  _V9990_WaitSynch                   soccerlg
     00004765  _V9990_ClearTextFromLayerA         soccerlg
     000047B8  _V9_InterruptVBlank                soccerlg
     000047D9  _InterruptHook                     soccerlg
     000047E4  _Math_Abs32                        soccerlg
     000047FA  _GetTeamStats                      soccerlg
     00004811  _main                              soccerlg
     00004829  _PCM_Reset                         pcmenc
     00004857  _PCM_Play_8K                       pcmenc
     000048D6  _PCM_Play_11K                      pcmenc
     00004944  _PCM_Play_22K                      pcmenc
     000049B5  _PCM_Play_44K                      pcmenc
     00004A19  _V9_SetPort                        v9990
     00004A1D  _V9_GetPort                        v9990
     00004A21  _V9_SetRegister                    v9990
     00004A29  _V9_SetRegister16                  v9990
     00004A35  _V9_GetRegister                    v9990
     00004A3C  _V9_Detect                         v9990
     00004A52  _V9_SetScreenMode                  v9990
     00004A83  _g_V9_ModeConfig                   v9990
     00004AA1  _g_V9_ColorConfig                  v9990
     00004AB3  _V9_SetColorMode                   v9990
ASxxxx Linker V03.00 + NoICE + sdld,  page 8.
Hexadecimal  [32-Bits]

Area                                    Addr        Size        Decimal Bytes (Attributes)
--------------------------------        ----        ----        ------- ----- ------------
_CODE                               00004000    000022B3 =        8883. bytes (REL,CON)

      Value  Global                              Global Defined In Module
      -----  --------------------------------   ------------------------
     00004ADD  _V9_SetScrollingY                  v9990
     00004AF6  _V9_SetScrollingX                  v9990
     00004B12  _V9_SetScrollingBY                 v9990
     00004B2B  _V9_SetScrollingBX                 v9990
     00004B47  _V9_ClearVRAM                      v9990
     00004B6B  _V9_SetWriteAddress                v9990
     00004B78  _V9_SetReadAddress                 v9990
     00004B86  _V9_Peek_CurrentAddr               v9990
     00004B8A  _V9_Peek16_CurrentAddr             v9990
     00004B92  _V9_Poke_CurrentAddr               v9990
     00004B96  _V9_Poke16_CurrentAddr             v9990
     00004B9E  _V9_FillVRAM_CurrentAddr           v9990
     00004BAB  _V9_FillVRAM16_CurrentAddr         v9990
     00004BBC  _V9_WriteVRAM_CurrentAddr          v9990
     00004BC9  _V9_ReadVRAM_CurrentAddr           v9990
     00004BD6  _V9_SetPaletteEntry                v9990
     00004BF0  _V9_SetCursorAttribute             v9990
     00004C75  _V9_SetCursorDisplay               v9990
     00004CB2  __divuchar                         
     00004CB4  __divu8                            
     00004CB7  __divu16                           
     00004CB7  __divuint                          
     00004CE6  _PSG_SetRegister                   psg
     00004CF0  _PSG_GetRegister                   psg
     00004CF9  _PSG_SetTone                       psg
     00004D08  _PSG_SetNoise                      psg
     00004D12  _PSG_SetMixer                      psg
     00004D1E  _PSG_SetVolume                     psg
     00004D2D  _PSG_SetEnvelope                   psg
     00004D33  _PSG_SetShape                      psg
     00004D39  _PSG_EnableTone                    psg
     00004D54  _PSG_EnableNoise                   psg
     00004D6F  _PSG_EnableEnvelope                psg
     00004D83  _PSG_Mute                          psg
     00004DA0  _PSG_Resume                        psg
     00004DBB  _PSG_Apply                         psg
     00004E21  _VDP_SetModeFlag                   vdp
     00004E4A  _VDP_SetModeText1                  vdp
     00004E5B  _VDP_SetModeMultiColor             vdp
     00004E78  _VDP_SetModeGraphic1               vdp
     00004E9A  _VDP_SetModeGraphic2               vdp
     00004EBD  _VDP_ClearVRAM                     vdp
     00004EC9  _VDP_WriteVRAM_16K                 vdp
     00004EF2  _VDP_FillVRAM_16K                  vdp
     00004F11  _VDP_ReadVRAM_16K                  vdp
     00004F39  _VDP_Peek_16K                      vdp
     00004F47  _VDP_Poke_16K                      vdp
     00004F59  _VDP_Initialize                    vdp
     00004F6A  _VDP_SetMode                       vdp
     00004FBA  _VDP_GetVersion                    vdp
     00005009  _VDP_RegWrite                      vdp
ASxxxx Linker V03.00 + NoICE + sdld,  page 9.
Hexadecimal  [32-Bits]

Area                                    Addr        Size        Decimal Bytes (Attributes)
--------------------------------        ----        ----        ------- ----- ------------
_CODE                               00004000    000022B3 =        8883. bytes (REL,CON)

      Value  Global                              Global Defined In Module
      -----  --------------------------------   ------------------------
     00005015  _VDP_RegWriteBak                   vdp
     00005028  _VDP_RegWriteBakMask               vdp
     00005047  _VDP_ReadDefaultStatus             vdp
     0000504A  _VDP_SetLayoutTable                vdp
     0000505A  _VDP_SetColorTable                 vdp
     00005087  _VDP_SetPatternTable               vdp
     000050A4  _VDP_SetSpriteAttributeTable       vdp
     000050D5  _VDP_SetSpritePatternTable         vdp
     000050E6  _VDP_LoadSpritePattern             vdp
     00005111  _VDP_SetSpriteSM1                  vdp
     0000514F  _VDP_SetSprite                     vdp
     00005185  _VDP_SetSpritePosition             vdp
     000051B4  _VDP_SetSpritePositionX            vdp
     000051C6  _VDP_SetSpritePositionY            vdp
     000051D7  _VDP_SetSpritePattern              vdp
     000051EA  _VDP_SetSpriteColorSM1             vdp
     000051FE  _VDP_DisableSpritesFrom            vdp
     00005205  _VDP_LoadPattern_GM2               vdp
     0000525C  _VDP_LoadColor_GM2                 vdp
     000052B3  _VDP_WriteLayout_GM2               vdp
     00005308  _VDP_FillLayout_GM2                vdp
     0000534A  _Input_Detect                      input
     00005367  _Joystick_Read                     input
     0000537C  _Keyboard_Read                     input
     00005387  _Keyboard_IsKeyPressed             input
     000053B2  _VGM_Play                          vgm_player
     00005476  _VGM_Resume                        vgm_player
     000054BA  _VGM_Pause                         vgm_player
     000054C5  _VGM_Stop                          vgm_player
     000054E0  _VGM_Decode                        vgm_player
     000055B5  __mulint                           
     000055B7  __mul16                            
     000055CC  _DEBUG_INIT                        debug
     000055CD  _DEBUG_BREAK                       debug
     000055D2  _DEBUG_ASSERT                      debug
     000055D8  _DEBUG_LOG                         debug
     000055E6  _DEBUG_LOGNUM                      debug
     0000560C  _DEBUG_PRINT                       debug
     0000561B  ___sdcc_call_hl                    
     0000561C  _Print_Initialize                  print
     00005671  _g_HexChar                         print
     00005681  _Print_SetMode                     print
     00005697  _Print_SetFont                     print
     00005771  _Print_SetColor                    print
     000057F2  _Print_SetColorShade               print
     0000586B  _Print_ValidateChar                print
     000058B7  _Print_ValidatePattern             print
     00005986  _CopyNo8HeightFontData             print
     000059E1  _Print_SetTextFont                 print
     00005CFA  _DrawChar_Layout                   print
     00005D3E  _Print_Clear                       print
ASxxxx Linker V03.00 + NoICE + sdld,  page 10.
Hexadecimal  [32-Bits]

Area                                    Addr        Size        Decimal Bytes (Attributes)
--------------------------------        ----        ----        ------- ----- ------------
_CODE                               00004000    000022B3 =        8883. bytes (REL,CON)

      Value  Global                              Global Defined In Module
      -----  --------------------------------   ------------------------
     00005D52  _Print_Backspace                   print
     00005D96  _Print_DrawChar                    print
     00005DCC  _Print_DrawCharX                   print
     00005DDE  _Print_DrawText                    print
     00005E1D  _Print_DrawBin8                    print
     00005E40  _Print_DrawHex8                    print
     00005E66  _Print_DrawHex16                   print
     00005E71  _Print_DrawInt                     print
     00005EFD  _Print_DrawFormat                  print
     00006218  ___sdcc_call_iy                    
     0000621A  __modschar                         
     00006222  __modsint                          
     00006228  ___mulsint2slong                   u_16_16_mul
     00006256  ___muluint2ulong                   u_16_16_mul
     0000626D  __moduchar                         
     00006274  __moduint                          
     00006279  __divschar                         
     0000627B  __div8                             
     0000627F  __div_signexte                     
     00006283  __div16                            
     00006283  __divsint                          
     000062A9  __get_remainder                    
ASxxxx Linker V03.00 + NoICE + sdld,  page 11.
Hexadecimal  [32-Bits]

Area                                    Addr        Size        Decimal Bytes (Attributes)
--------------------------------        ----        ----        ------- ----- ------------
_HOME                               000062B3    000001F5 =         501. bytes (REL,CON)

      Value  Global                              Global Defined In Module
      -----  --------------------------------   ------------------------
     000062B3  __divslong                         _divslong
     00006343  __divulong                         _divulong
     000063BD  __mullong                          _mullong
ASxxxx Linker V03.00 + NoICE + sdld,  page 12.
Hexadecimal  [32-Bits]

Area                                    Addr        Size        Decimal Bytes (Attributes)
--------------------------------        ----        ----        ------- ----- ------------
_INITIALIZER                        000064A8    00000047 =          71. bytes (REL,CON)

      Value  Global                              Global Defined In Module
      -----  --------------------------------   ------------------------
ASxxxx Linker V03.00 + NoICE + sdld,  page 13.
Hexadecimal  [32-Bits]

Area                                    Addr        Size        Decimal Bytes (Attributes)
--------------------------------        ----        ----        ------- ----- ------------
_GSINIT                             000064EF    00000041 =          65. bytes (REL,CON)

      Value  Global                              Global Defined In Module
      -----  --------------------------------   ------------------------
ASxxxx Linker V03.00 + NoICE + sdld,  page 14.
Hexadecimal  [32-Bits]

Area                                    Addr        Size        Decimal Bytes (Attributes)
--------------------------------        ----        ----        ------- ----- ------------
_GSFINAL                            00006530    00000000 =           0. bytes (REL,CON)

      Value  Global                              Global Defined In Module
      -----  --------------------------------   ------------------------
     00006530  _g_LastAddr                        crt0

ASxxxx Linker V03.00 + NoICE + sdld,  page 15.
Hexadecimal  [32-Bits]

Area                                    Addr        Size        Decimal Bytes (Attributes)
--------------------------------        ----        ----        ------- ----- ------------
_DATA                               0000C000    0000022C =         556. bytes (REL,CON)

      Value  Global                              Global Defined In Module
      -----  --------------------------------   ------------------------
     0000C000  _g_HeapStartAddress                crt0
     0000C002  _g_ROMSlotID                       crt0
     0000C003  _g_Bank0Segment                    crt0
     0000C004  _g_Bank1Segment                    crt0
     0000C004  _g_CurrentSegment                  crt0
     0000C005  _g_VSynch                          soccerlg
     0000C006  _g_FrameCounter                    soccerlg
     0000C007  _g_Timer                           soccerlg
     0000C008  _g_FieldScrollingActionInProgres   soccerlg
     0000C009  _g_FieldCurrentYPosition           soccerlg
     0000C00B  _g_FieldScrollSpeed                soccerlg
     0000C00C  _g_ActiveFieldZone                 soccerlg
     0000C00D  _g_MatchStatus                     soccerlg
     0000C00E  _g_Ball                            soccerlg
     0000C02C  _g_Players                         soccerlg
     0000C167  _g_Team1PaletteId                  soccerlg
     0000C168  _g_Team2PaletteId                  soccerlg
     0000C169  _g_ShowButtonsInfo                 soccerlg
     0000C16A  _g_Team1ActivePlayer               soccerlg
     0000C16B  _g_Team2ActivePlayer               soccerlg
     0000C16C  _g_SecondsToEndOfMatch             soccerlg
     0000C16D  _g_Team1Score                      soccerlg
     0000C16E  _g_Team2Score                      soccerlg
     0000C16F  _g_RestartKickTeamId               soccerlg
     0000C170  _g_PassTargetPlayer                soccerlg
     0000C171  _g_PonPonGirls                     soccerlg
     0000C19F  _g_PSG_Regs                        psg
     0000C1AF  _g_PSG_VolumeBackup                psg
     0000C1B2  _g_VDP_REGSAV                      vdp
     0000C1CE  _g_VDP_Data                        vdp
     0000C1D0  _g_VDP_Command                     vdp
     0000C1DF  _g_VDP_Sprite                      vdp
     0000C1E3  _g_ScreenLayoutLow                 vdp
     0000C1E5  _g_ScreenColorLow                  vdp
     0000C1E7  _g_ScreenPatternLow                vdp
     0000C1E9  _g_SpriteAttributeLow              vdp
     0000C1EB  _g_SpritePatternLow                vdp
     0000C1ED  _g_SpriteColorLow                  vdp
     0000C1EF  _g_VGM_Header                      vgm_player
     0000C1F1  _g_VGM_Pointer                     vgm_player
     0000C1F3  _g_VGM_Loop                        vgm_player
     0000C1F5  _g_VGM_WaitCount                   vgm_player
     0000C1F7  _g_VGM_WaitFrame                   vgm_player
     0000C1F9  _g_VGM_State                       vgm_player
     0000C1FA  _g_PrintData                       print
ASxxxx Linker V03.00 + NoICE + sdld,  page 16.
Hexadecimal  [32-Bits]

Area                                    Addr        Size        Decimal Bytes (Attributes)
--------------------------------        ----        ----        ------- ----- ------------
_INITIALIZED                        0000C22C    00000047 =          71. bytes (REL,CON)

      Value  Global                              Global Defined In Module
      -----  --------------------------------   ------------------------
     0000C22C  _g_History1                        soccerlg
     0000C240  _g_History2                        soccerlg
     0000C254  _g_PcmStartPlaying                 soccerlg
     0000C255  _g_PmcSoundPlaying                 soccerlg
     0000C256  _g_CornerKickTargetId              soccerlg
     0000C257  _g_CornerKickSide                  soccerlg
     0000C258  _g_ActionCooldown                  soccerlg
     0000C259  _g_ShootCooldown                   soccerlg
     0000C25A  _g_GameWith2Players                soccerlg
     0000C25B  _g_GkIsGroundKick                  soccerlg
     0000C25C  _g_GkAnimPlayerId                  soccerlg
     0000C25D  _g_GkRecoilY                       soccerlg
     0000C25E  _g_GoalKickSide                    soccerlg
     0000C25F  _g_GkAnimTimer                     soccerlg
     0000C260  _g_ThrowInPlayerId                 soccerlg
     0000C261  _g_GoalScorerId                    soccerlg
     0000C262  _g_ponPonPatternIndex              soccerlg
     0000C263  _g_PonPonGrilsPoseCounter          soccerlg
     0000C264  _g_peopleState                     soccerlg
     0000C265  _g_ponPonGirlsInitailized          soccerlg
     0000C266  _g_SoundRequest                    soccerlg
     0000C267  _g_ShotCursorX                     soccerlg
     0000C269  _g_ShotCursorDir                   soccerlg
     0000C26A  _g_VDPInitilized                   vdp
     0000C26B  _g_PrintInvalid                    print

ASxxxx Linker V03.00 + NoICE + sdld,  page 17.
Hexadecimal  [32-Bits]

Area                                    Addr        Size        Decimal Bytes (Attributes)
--------------------------------        ----        ----        ------- ----- ------------
_SEG2                               00028000    00003E99 =       16025. bytes (REL,CON)

      Value  Global                              Global Defined In Module
      -----  --------------------------------   ------------------------
     00028000  _IsTeamJoystickTriggerPressed      soccerlg_s2_b1
     00028017  _GetJoystickDirection              soccerlg_s2_b1
     00028117  _InitVariables                     soccerlg_s2_b1
     00028136  _LoadPresentation                  soccerlg_s2_b1
     000281B3  _TickGameFieldScrolling            soccerlg_s2_b1
     000282C4  _MainSub                           soccerlg_s2_b1
     000283F6  _MainGameLoop                      soccerlg_s2_b1
     000285AF  _TickShowKickOff                   soccerlg_s2_b1
     00028654  _TickShotCursor                    soccerlg_s2_b1
     00028755  _EnforcePenaltyBoxRestriction      soccerlg_s2_b1
     00028807  _GetPlayerIdByRole                 soccerlg_s2_b1
     00028862  _GetClosestPlayerToBall            soccerlg_s2_b1
     00028985  _SetPlayerBallPossession           soccerlg_s2_b1
     000289C3  _PutBallOnPlayerFeet               soccerlg_s2_b1
     00028ECA  _GetNoMovingPlayerPatternId        soccerlg_s2_b1
     00028F22  _TickCornerKick                    soccerlg_s2_b1
     000298F6  _IsJoystickTriggerPressed          soccerlg_s2_b1
     0002990D  _PerformPass                       soccerlg_s2_b1
     00029CDB  _IsOffside                         soccerlg_s2_b1
     00029DD2  _TickGoalKick                      soccerlg_s2_b1
     0002A300  _GoalkeeperWithBall                soccerlg_s2_b1
     0002A509  _TickThrowIn                       soccerlg_s2_b1
     0002B175  _TickPlayerToOwnTarget             soccerlg_s2_b1
     0002BA2F  _PutPlayerSprite                   soccerlg_s2_b1
     0002BD0F  _UpdatePlayerPatternByDirection    soccerlg_s2_b1
     0002BDD6  _TickActiveFieldZone               soccerlg_s2_b1
     0002BE43  _GetPatternIdByPoseAndDirection    soccerlg_s2_b1
ASxxxx Linker V03.00 + NoICE + sdld,  page 18.
Hexadecimal  [32-Bits]

Area                                    Addr        Size        Decimal Bytes (Attributes)
--------------------------------        ----        ----        ------- ----- ------------
_SEG3                               00038000    00001996 =        6550. bytes (REL,CON)

      Value  Global                              Global Defined In Module
      -----  --------------------------------   ------------------------
     00038000  _V9990_InitPalette                 soccerlg_s3_b1
     00038065  _g_GirlPatterns                    soccerlg_s3_b1
     0003806E  _g_PonPonGirlsPos                  soccerlg_s3_b1
     00038074  _g_Data_Palette_LayerA_Standard    soccerlg_s3_b1
     000380A4  _g_Data_Palette_LayerB_Standard    soccerlg_s3_b1
     000380D4  _V9990_InitMenuLayers              soccerlg_s3_b1
     000380F2  _InitPonPonGirls                   soccerlg_s3_b1
     0003814C  _TickGoalCelebration               soccerlg_s3_b1
     0003852F  _UpdateSpritesPositions            soccerlg_s3_b1
     00038547  _PutBallSprite                     soccerlg_s3_b1
     0003869A  _TickPonPonGirlsAnimation          soccerlg_s3_b1
     00038714  _TickTeamJoystick                  soccerlg_s3_b1
     00039411  _CornerKick                        soccerlg_s3_b1
     00039862  _PeopleMoving                      soccerlg_s3_b1
     000398F9  _PutPonPonGirlSprite               soccerlg_s3_b1
ASxxxx Linker V03.00 + NoICE + sdld,  page 19.
Hexadecimal  [32-Bits]

Area                                    Addr        Size        Decimal Bytes (Attributes)
--------------------------------        ----        ----        ------- ----- ------------
_SEG4                               00048000    00002BAF =       11183. bytes (REL,CON)

      Value  Global                              Global Defined In Module
      -----  --------------------------------   ------------------------
     00048000  _SelectTeam                        soccerlg_s4_b1
     0004819E  _g_Data_Palette_Team_ITA           soccerlg_s4_b1
     000481CE  _g_Data_Palette_Team_AUS           soccerlg_s4_b1
     000481FE  _g_Data_Palette_Team_FRA           soccerlg_s4_b1
     0004822E  _g_Data_Palette_Team_GER           soccerlg_s4_b1
     0004825E  _g_Data_Palette_Team_GBR           soccerlg_s4_b1
     0004828E  _g_Data_Palette_Team_BRA           soccerlg_s4_b1
     000482EE  _MenuSpriteBlinking                soccerlg_s4_b1
     000483D2  _ResetPlayersInfo                  soccerlg_s4_b1
     00048433  _ShowMenu                          soccerlg_s4_b1
     00048873  _SetTeam1Palette                   soccerlg_s4_b1
     000488A0  _SetTeam2Palette                   soccerlg_s4_b1
     000488CD  _GetTeamPaletteById                soccerlg_s4_b1
     00048908  _GameStart                         soccerlg_s4_b1
     00048984  _PerformShot                       soccerlg_s4_b1
     00048C68  _TickBallFlying                    soccerlg_s4_b1
     00049580  _TickUpdateTime                    soccerlg_s4_b1
     000495B3  _BallInGoal                        soccerlg_s4_b1
     00049646  _GoalKick                          soccerlg_s4_b1
     00049688  _BallThrowIn                       soccerlg_s4_b1
     000497A8  _TickCheckBallBoundaries           soccerlg_s4_b1
     00049963  _TickGoalkeeperAnimation           soccerlg_s4_b1
     00049D75  _UpdatePassTarget                  soccerlg_s4_b1
     00049DB2  _GetBestPassTarget                 soccerlg_s4_b1
     0004A1A2  _TickBallCollision                 soccerlg_s4_b1
     0004A59C  _PrintTeamName                     soccerlg_s4_b1
     0004A69C  _GetNumberString                   soccerlg_s4_b1
     0004A6DB  _ShowHeaderInfo                    soccerlg_s4_b1
     0004A7B7  _SetTeamsPresentationSpritesPosi   soccerlg_s4_b1
     0004A911  _ResetBallInfo                     soccerlg_s4_b1
     0004A932  _SetPlayerTarget                   soccerlg_s4_b1
     0004AADF  _ShowField                         soccerlg_s4_b1

ASxxxx Linker V03.00 + NoICE + sdld,  page 20.
Hexadecimal  [32-Bits]

Area                                    Addr        Size        Decimal Bytes (Attributes)
--------------------------------        ----        ----        ------- ----- ------------
_SEG5                               00058000    00003E20 =       15904. bytes (REL,CON)

      Value  Global                              Global Defined In Module
      -----  --------------------------------   ------------------------
     00058000  _TickAI                            soccerlg_s5_b1
     00059F4A  _PenaltyShots                      soccerlg_s5_b1
     0005B52B  _TimeUp                            soccerlg_s5_b1
     0005B564  _TeamVictory                       soccerlg_s5_b1
     0005BD3F  _GetOffsideLineY                   soccerlg_s5_b1

ASxxxx Linker V03.00 + NoICE + sdld,  page 21.
Hexadecimal  [32-Bits]

Area                                    Addr        Size        Decimal Bytes (Attributes)
--------------------------------        ----        ----        ------- ----- ------------
_SEG30                              001E8000    00000604 =        1540. bytes (REL,CON)

      Value  Global                              Global Defined In Module
      -----  --------------------------------   ------------------------
     001E8000  _g_Data_Fonts                      soccerlg_s30_b1

ASxxxx Linker V03.00 + NoICE + sdld,  page 22.
Hexadecimal  [32-Bits]

Area                                    Addr        Size        Decimal Bytes (Attributes)
--------------------------------        ----        ----        ------- ----- ------------
_SEG31                              001F8000    00004000 =       16384. bytes (REL,CON)

      Value  Global                              Global Defined In Module
      -----  --------------------------------   ------------------------
     001F8000  _g_Data_Img_Presentation_Part1     soccerlg_s31_b1

ASxxxx Linker V03.00 + NoICE + sdld,  page 23.
Hexadecimal  [32-Bits]

Area                                    Addr        Size        Decimal Bytes (Attributes)
--------------------------------        ----        ----        ------- ----- ------------
_SEG32                              00208000    00004000 =       16384. bytes (REL,CON)

      Value  Global                              Global Defined In Module
      -----  --------------------------------   ------------------------
     00208000  _g_Data_Img_Presentation_Part2     soccerlg_s32_b1

ASxxxx Linker V03.00 + NoICE + sdld,  page 24.
Hexadecimal  [32-Bits]

Area                                    Addr        Size        Decimal Bytes (Attributes)
--------------------------------        ----        ----        ------- ----- ------------
_SEG33                              00218000    00004000 =       16384. bytes (REL,CON)

      Value  Global                              Global Defined In Module
      -----  --------------------------------   ------------------------
     00218000  _g_Data_Img_Presentation_Part3     soccerlg_s33_b1

ASxxxx Linker V03.00 + NoICE + sdld,  page 25.
Hexadecimal  [32-Bits]

Area                                    Addr        Size        Decimal Bytes (Attributes)
--------------------------------        ----        ----        ------- ----- ------------
_SEG34                              00228000    00002089 =        8329. bytes (REL,CON)

      Value  Global                              Global Defined In Module
      -----  --------------------------------   ------------------------
     00228000  _g_Data_Img_Presentation_Part4     soccerlg_s34_b1
     00229400  _g_MusicMenu                       soccerlg_s34_b1
     00229AB0  _g_MusicMatch                      soccerlg_s34_b1
ASxxxx Linker V03.00 + NoICE + sdld,  page 26.
Hexadecimal  [32-Bits]

Area                                    Addr        Size        Decimal Bytes (Attributes)
--------------------------------        ----        ----        ------- ----- ------------
_SEG35                              00238000    00004000 =       16384. bytes (REL,CON)

      Value  Global                              Global Defined In Module
      -----  --------------------------------   ------------------------
     00238000  _g_Data_P1_LayerA_Std              soccerlg_s35_b1

ASxxxx Linker V03.00 + NoICE + sdld,  page 27.
Hexadecimal  [32-Bits]

Area                                    Addr        Size        Decimal Bytes (Attributes)
--------------------------------        ----        ----        ------- ----- ------------
_SEG36                              00248000    00004000 =       16384. bytes (REL,CON)

      Value  Global                              Global Defined In Module
      -----  --------------------------------   ------------------------
     00248000  _g_Data_LayerA_Menu_Teams_Part1    soccerlg_s36_b1

ASxxxx Linker V03.00 + NoICE + sdld,  page 28.
Hexadecimal  [32-Bits]

Area                                    Addr        Size        Decimal Bytes (Attributes)
--------------------------------        ----        ----        ------- ----- ------------
_SEG37                              00258000    00001030 =        4144. bytes (REL,CON)

      Value  Global                              Global Defined In Module
      -----  --------------------------------   ------------------------
     00258000  _g_Data_LayerA_Menu_Teams_Part2    soccerlg_s37_b1
     00259000  _g_Data_Palette_Teams_Colors       soccerlg_s37_b1

ASxxxx Linker V03.00 + NoICE + sdld,  page 29.
Hexadecimal  [32-Bits]

Area                                    Addr        Size        Decimal Bytes (Attributes)
--------------------------------        ----        ----        ------- ----- ------------
_SEG38                              00268000    00004000 =       16384. bytes (REL,CON)

      Value  Global                              Global Defined In Module
      -----  --------------------------------   ------------------------
     00268000  _g_Data_Teams_Gray_Part1           soccerlg_s38_b1

ASxxxx Linker V03.00 + NoICE + sdld,  page 30.
Hexadecimal  [32-Bits]

Area                                    Addr        Size        Decimal Bytes (Attributes)
--------------------------------        ----        ----        ------- ----- ------------
_SEG39                              00278000    00001060 =        4192. bytes (REL,CON)

      Value  Global                              Global Defined In Module
      -----  --------------------------------   ------------------------
     00278000  _g_Data_Teams_Gray_Part2           soccerlg_s39_b1
     00279000  _g_Data_Palette_Gray_Scale         soccerlg_s39_b1
     00279030  _g_Data_Palette_Buttons            soccerlg_s39_b1
ASxxxx Linker V03.00 + NoICE + sdld,  page 31.
Hexadecimal  [32-Bits]

Area                                    Addr        Size        Decimal Bytes (Attributes)
--------------------------------        ----        ----        ------- ----- ------------
_SEG40                              00288000    00004000 =       16384. bytes (REL,CON)

      Value  Global                              Global Defined In Module
      -----  --------------------------------   ------------------------
     00288000  _g_Data_Sprites_Part1              soccerlg_s40_b1

ASxxxx Linker V03.00 + NoICE + sdld,  page 32.
Hexadecimal  [32-Bits]

Area                                    Addr        Size        Decimal Bytes (Attributes)
--------------------------------        ----        ----        ------- ----- ------------
_SEG41                              00298000    00004000 =       16384. bytes (REL,CON)

      Value  Global                              Global Defined In Module
      -----  --------------------------------   ------------------------
     00298000  _g_Data_Sprites_Part2              soccerlg_s41_b1

ASxxxx Linker V03.00 + NoICE + sdld,  page 33.
Hexadecimal  [32-Bits]

Area                                    Addr        Size        Decimal Bytes (Attributes)
--------------------------------        ----        ----        ------- ----- ------------
_SEG42                              002A8000    00004000 =       16384. bytes (REL,CON)

      Value  Global                              Global Defined In Module
      -----  --------------------------------   ------------------------
     002A8000  _g_Data_Img_Buttons_Presentation   soccerlg_s42_b1

ASxxxx Linker V03.00 + NoICE + sdld,  page 34.
Hexadecimal  [32-Bits]

Area                                    Addr        Size        Decimal Bytes (Attributes)
--------------------------------        ----        ----        ------- ----- ------------
_SEG43                              002B8000    00004000 =       16384. bytes (REL,CON)

      Value  Global                              Global Defined In Module
      -----  --------------------------------   ------------------------
     002B8000  _g_Data_Img_Buttons_Presentation   soccerlg_s43_b1

ASxxxx Linker V03.00 + NoICE + sdld,  page 35.
Hexadecimal  [32-Bits]

Area                                    Addr        Size        Decimal Bytes (Attributes)
--------------------------------        ----        ----        ------- ----- ------------
_SEG44                              002C8000    000028A4 =       10404. bytes (REL,CON)

      Value  Global                              Global Defined In Module
      -----  --------------------------------   ------------------------
     002C8000  _g_Data_PCM_CornerKick             soccerlg_s44_b1

ASxxxx Linker V03.00 + NoICE + sdld,  page 36.
Hexadecimal  [32-Bits]

Area                                    Addr        Size        Decimal Bytes (Attributes)
--------------------------------        ----        ----        ------- ----- ------------
_SEG45                              002D8000    000035D9 =       13785. bytes (REL,CON)

      Value  Global                              Global Defined In Module
      -----  --------------------------------   ------------------------
     002D8000  _g_Data_PCM_KickOff                soccerlg_s45_b1

ASxxxx Linker V03.00 + NoICE + sdld,  page 37.
Hexadecimal  [32-Bits]

Area                                    Addr        Size        Decimal Bytes (Attributes)
--------------------------------        ----        ----        ------- ----- ------------
_SEG46                              002E8000    00003DB0 =       15792. bytes (REL,CON)

      Value  Global                              Global Defined In Module
      -----  --------------------------------   ------------------------
     002E8000  _g_Data_PCM_InGoal_1               soccerlg_s46_b1

ASxxxx Linker V03.00 + NoICE + sdld,  page 38.
Hexadecimal  [32-Bits]

Area                                    Addr        Size        Decimal Bytes (Attributes)
--------------------------------        ----        ----        ------- ----- ------------
_SEG47                              002F8000    0000376A =       14186. bytes (REL,CON)

      Value  Global                              Global Defined In Module
      -----  --------------------------------   ------------------------
     002F8000  _g_Data_PCM_InGoal_2               soccerlg_s47_b1

ASxxxx Linker V03.00 + NoICE + sdld,  page 39.
Hexadecimal  [32-Bits]

Area                                    Addr        Size        Decimal Bytes (Attributes)
--------------------------------        ----        ----        ------- ----- ------------
_SEG48                              00308000    00003320 =       13088. bytes (REL,CON)

      Value  Global                              Global Defined In Module
      -----  --------------------------------   ------------------------
     00308000  _g_Data_PCM_InGoal_3               soccerlg_s48_b1

ASxxxx Linker V03.00 + NoICE + sdld,  page 40.
Hexadecimal  [32-Bits]

Area                                    Addr        Size        Decimal Bytes (Attributes)
--------------------------------        ----        ----        ------- ----- ------------
_SEG49                              00318000    0000359A =       13722. bytes (REL,CON)

      Value  Global                              Global Defined In Module
      -----  --------------------------------   ------------------------
     00318000  _g_Data_PCM_ThrowIn                soccerlg_s49_b1

ASxxxx Linker V03.00 + NoICE + sdld,  page 41.
Hexadecimal  [32-Bits]

Area                                    Addr        Size        Decimal Bytes (Attributes)
--------------------------------        ----        ----        ------- ----- ------------
_SEG50                              00328000    000028F4 =       10484. bytes (REL,CON)

      Value  Global                              Global Defined In Module
      -----  --------------------------------   ------------------------
     00328000  _g_Data_PCM_GoalKick               soccerlg_s50_b1

ASxxxx Linker V03.00 + NoICE + sdld,  page 42.
Hexadecimal  [32-Bits]

Area                                    Addr        Size        Decimal Bytes (Attributes)
--------------------------------        ----        ----        ------- ----- ------------
_SEG51                              00338000    00002816 =       10262. bytes (REL,CON)

      Value  Global                              Global Defined In Module
      -----  --------------------------------   ------------------------
     00338000  _g_Data_PCM_TeamSelection          soccerlg_s51_b1

ASxxxx Linker V03.00 + NoICE + sdld,  page 43.
Hexadecimal  [32-Bits]

Area                                    Addr        Size        Decimal Bytes (Attributes)
--------------------------------        ----        ----        ------- ----- ------------
_SEG52                              00348000    00004000 =       16384. bytes (REL,CON)

      Value  Global                              Global Defined In Module
      -----  --------------------------------   ------------------------
     00348000  _g_Data_Field_LayerB_Part1         soccerlg_s52_b1

ASxxxx Linker V03.00 + NoICE + sdld,  page 44.
Hexadecimal  [32-Bits]

Area                                    Addr        Size        Decimal Bytes (Attributes)
--------------------------------        ----        ----        ------- ----- ------------
_SEG53                              00358000    00004000 =       16384. bytes (REL,CON)

      Value  Global                              Global Defined In Module
      -----  --------------------------------   ------------------------
     00358000  _g_Data_Field_LayerB_Part2         soccerlg_s53_b1

ASxxxx Linker V03.00 + NoICE + sdld,  page 45.
Hexadecimal  [32-Bits]

Area                                    Addr        Size        Decimal Bytes (Attributes)
--------------------------------        ----        ----        ------- ----- ------------
_SEG54                              00368000    00004000 =       16384. bytes (REL,CON)

      Value  Global                              Global Defined In Module
      -----  --------------------------------   ------------------------
     00368000  _g_Data_Field_LayerB_Part3         soccerlg_s54_b1

ASxxxx Linker V03.00 + NoICE + sdld,  page 46.
Hexadecimal  [32-Bits]

Area                                    Addr        Size        Decimal Bytes (Attributes)
--------------------------------        ----        ----        ------- ----- ------------
_SEG55                              00378000    00003C00 =       15360. bytes (REL,CON)

      Value  Global                              Global Defined In Module
      -----  --------------------------------   ------------------------
     00378000  _g_Data_Field_LayerB_Part4         soccerlg_s55_b1

ASxxxx Linker V03.00 + NoICE + sdld,  page 47.
Hexadecimal  [32-Bits]

Area                                    Addr        Size        Decimal Bytes (Attributes)
--------------------------------        ----        ----        ------- ----- ------------
_SEG56                              00388000    00004000 =       16384. bytes (REL,CON)

      Value  Global                              Global Defined In Module
      -----  --------------------------------   ------------------------
     00388000  _g_Data_Field_LayerB_Part5         soccerlg_s56_b1

ASxxxx Linker V03.00 + NoICE + sdld,  page 48.

Files Linked                              [ module(s) ]

E:\Dropbox\FAUSTO\SVILUPPI\MSX\CODE\C\MSXgl\projects\soccerlg/out/crt0_rom_mapper.rel
                                          [ crt0 ]
E:\Dropbox\FAUSTO\SVILUPPI\MSX\CODE\C\MSXgl\projects\soccerlg/out/soccerlg.rel
                                          [ soccerlg ]
E:\Dropbox\FAUSTO\SVILUPPI\MSX\CODE\C\MSXgl\projects\soccerlg/out/soccerlg_s2_b1.rel
                                          [ soccerlg_s2_b1 ]
E:\Dropbox\FAUSTO\SVILUPPI\MSX\CODE\C\MSXgl\projects\soccerlg/out/soccerlg_s3_b1.rel
                                          [ soccerlg_s3_b1 ]
E:\Dropbox\FAUSTO\SVILUPPI\MSX\CODE\C\MSXgl\projects\soccerlg/out/soccerlg_s4_b1.rel
                                          [ soccerlg_s4_b1 ]
E:\Dropbox\FAUSTO\SVILUPPI\MSX\CODE\C\MSXgl\projects\soccerlg/out/soccerlg_s5_b1.rel
                                          [ soccerlg_s5_b1 ]
E:\Dropbox\FAUSTO\SVILUPPI\MSX\CODE\C\MSXgl\projects\soccerlg/out/soccerlg_s30_b1.rel
                                          [ soccerlg_s30_b1 ]
E:\Dropbox\FAUSTO\SVILUPPI\MSX\CODE\C\MSXgl\projects\soccerlg/out/soccerlg_s31_b1.rel
                                          [ soccerlg_s31_b1 ]
E:\Dropbox\FAUSTO\SVILUPPI\MSX\CODE\C\MSXgl\projects\soccerlg/out/soccerlg_s32_b1.rel
                                          [ soccerlg_s32_b1 ]
E:\Dropbox\FAUSTO\SVILUPPI\MSX\CODE\C\MSXgl\projects\soccerlg/out/soccerlg_s33_b1.rel
                                          [ soccerlg_s33_b1 ]
E:\Dropbox\FAUSTO\SVILUPPI\MSX\CODE\C\MSXgl\projects\soccerlg/out/soccerlg_s34_b1.rel
                                          [ soccerlg_s34_b1 ]
E:\Dropbox\FAUSTO\SVILUPPI\MSX\CODE\C\MSXgl\projects\soccerlg/out/soccerlg_s35_b1.rel
                                          [ soccerlg_s35_b1 ]
E:\Dropbox\FAUSTO\SVILUPPI\MSX\CODE\C\MSXgl\projects\soccerlg/out/soccerlg_s36_b1.rel
                                          [ soccerlg_s36_b1 ]
E:\Dropbox\FAUSTO\SVILUPPI\MSX\CODE\C\MSXgl\projects\soccerlg/out/soccerlg_s37_b1.rel
                                          [ soccerlg_s37_b1 ]
E:\Dropbox\FAUSTO\SVILUPPI\MSX\CODE\C\MSXgl\projects\soccerlg/out/soccerlg_s38_b1.rel
                                          [ soccerlg_s38_b1 ]
E:\Dropbox\FAUSTO\SVILUPPI\MSX\CODE\C\MSXgl\projects\soccerlg/out/soccerlg_s39_b1.rel
                                          [ soccerlg_s39_b1 ]
E:\Dropbox\FAUSTO\SVILUPPI\MSX\CODE\C\MSXgl\projects\soccerlg/out/soccerlg_s40_b1.rel
                                          [ soccerlg_s40_b1 ]
E:\Dropbox\FAUSTO\SVILUPPI\MSX\CODE\C\MSXgl\projects\soccerlg/out/soccerlg_s41_b1.rel
                                          [ soccerlg_s41_b1 ]
E:\Dropbox\FAUSTO\SVILUPPI\MSX\CODE\C\MSXgl\projects\soccerlg/out/soccerlg_s42_b1.rel
                                          [ soccerlg_s42_b1 ]
E:\Dropbox\FAUSTO\SVILUPPI\MSX\CODE\C\MSXgl\projects\soccerlg/out/soccerlg_s43_b1.rel
                                          [ soccerlg_s43_b1 ]
E:\Dropbox\FAUSTO\SVILUPPI\MSX\CODE\C\MSXgl\projects\soccerlg/out/soccerlg_s44_b1.rel
                                          [ soccerlg_s44_b1 ]
E:\Dropbox\FAUSTO\SVILUPPI\MSX\CODE\C\MSXgl\projects\soccerlg/out/soccerlg_s45_b1.rel
                                          [ soccerlg_s45_b1 ]
E:\Dropbox\FAUSTO\SVILUPPI\MSX\CODE\C\MSXgl\projects\soccerlg/out/soccerlg_s46_b1.rel
                                          [ soccerlg_s46_b1 ]
E:\Dropbox\FAUSTO\SVILUPPI\MSX\CODE\C\MSXgl\projects\soccerlg/out/soccerlg_s47_b1.rel
                                          [ soccerlg_s47_b1 ]
E:\Dropbox\FAUSTO\SVILUPPI\MSX\CODE\C\MSXgl\projects\soccerlg/out/soccerlg_s48_b1.rel
                                          [ soccerlg_s48_b1 ]
E:\Dropbox\FAUSTO\SVILUPPI\MSX\CODE\C\MSXgl\projects\soccerlg/out/soccerlg_s49_b1.rel
                                          [ soccerlg_s49_b1 ]
E:\Dropbox\FAUSTO\SVILUPPI\MSX\CODE\C\MSXgl\projects\soccerlg/out/soccerlg_s50_b1.rel
                                          [ soccerlg_s50_b1 ]
E:\Dropbox\FAUSTO\SVILUPPI\MSX\CODE\C\MSXgl\projects\soccerlg/out/soccerlg_s51_b1.rel
                                          [ soccerlg_s51_b1 ]
E:\Dropbox\FAUSTO\SVILUPPI\MSX\CODE\C\MSXgl\projects\soccerlg/out/soccerlg_s52_b1.rel
                                          [ soccerlg_s52_b1 ]
E:\Dropbox\FAUSTO\SVILUPPI\MSX\CODE\C\MSXgl\projects\soccerlg/out/soccerlg_s53_b1.rel
                                          [ soccerlg_s53_b1 ]
E:\Dropbox\FAUSTO\SVILUPPI\MSX\CODE\C\MSXgl\projects\soccerlg/out/soccerlg_s54_b1.rel
                                          [ soccerlg_s54_b1 ]
E:\Dropbox\FAUSTO\SVILUPPI\MSX\CODE\C\MSXgl\projects\soccerlg/out/soccerlg_s55_b1.rel
                                          [ soccerlg_s55_b1 ]
E:\Dropbox\FAUSTO\SVILUPPI\MSX\CODE\C\MSXgl\projects\soccerlg/out/soccerlg_s56_b1.rel
                                          [ soccerlg_s56_b1 ]


Libraries Linked                          [ object file ]

E:\Dropbox\FAUSTO\SVILUPPI\MSX\CODE\C\MSXgl\projects\soccerlg/out/msxgl.lib
                                          [ pcmenc.rel ]
E:\Dropbox\FAUSTO\SVILUPPI\MSX\CODE\C\MSXgl\projects\soccerlg/out/msxgl.lib
                                          [ v9990.rel ]
E:\Dropbox\FAUSTO\SVILUPPI\MSX\CODE\C\MSXgl\tools/sdcc/lib/z80/z80.lib
                                          [ divunsigned.rel ]
E:\Dropbox\FAUSTO\SVILUPPI\MSX\CODE\C\MSXgl\projects\soccerlg/out/msxgl.lib
                                          [ psg.rel ]
E:\Dropbox\FAUSTO\SVILUPPI\MSX\CODE\C\MSXgl\projects\soccerlg/out/msxgl.lib
                                          [ vdp.rel ]
E:\Dropbox\FAUSTO\SVILUPPI\MSX\CODE\C\MSXgl\projects\soccerlg/out/msxgl.lib
                                          [ input.rel ]
E:\Dropbox\FAUSTO\SVILUPPI\MSX\CODE\C\MSXgl\projects\soccerlg/out/msxgl.lib
                                          [ vgm_player.rel ]
E:\Dropbox\FAUSTO\SVILUPPI\MSX\CODE\C\MSXgl\tools/sdcc/lib/z80/z80.lib
                                          [ mul.rel ]
E:\Dropbox\FAUSTO\SVILUPPI\MSX\CODE\C\MSXgl\projects\soccerlg/out/msxgl.lib
                                          [ debug.rel ]
E:\Dropbox\FAUSTO\SVILUPPI\MSX\CODE\C\MSXgl\tools/sdcc/lib/z80/z80.lib
                                          [ _divslong.rel ]
E:\Dropbox\FAUSTO\SVILUPPI\MSX\CODE\C\MSXgl\tools/sdcc/lib/z80/z80.lib
                                          [ _divulong.rel ]
E:\Dropbox\FAUSTO\SVILUPPI\MSX\CODE\C\MSXgl\tools/sdcc/lib/z80/z80.lib
                                          [ __sdcc_call_hl.rel ]
E:\Dropbox\FAUSTO\SVILUPPI\MSX\CODE\C\MSXgl\projects\soccerlg/out/msxgl.lib
                                          [ print.rel ]
E:\Dropbox\FAUSTO\SVILUPPI\MSX\CODE\C\MSXgl\tools/sdcc/lib/z80/z80.lib
                                          [ __sdcc_call_iy.rel ]
E:\Dropbox\FAUSTO\SVILUPPI\MSX\CODE\C\MSXgl\tools/sdcc/lib/z80/z80.lib
                                          [ _mullong.rel ]
E:\Dropbox\FAUSTO\SVILUPPI\MSX\CODE\C\MSXgl\tools/sdcc/lib/z80/z80.lib
                                          [ modsigned.rel ]
E:\Dropbox\FAUSTO\SVILUPPI\MSX\CODE\C\MSXgl\tools/sdcc/lib/z80/z80.lib
                                          [ __mulsint2slong.rel ]
E:\Dropbox\FAUSTO\SVILUPPI\MSX\CODE\C\MSXgl\tools/sdcc/lib/z80/z80.lib
                                          [ modunsigned.rel ]
E:\Dropbox\FAUSTO\SVILUPPI\MSX\CODE\C\MSXgl\tools/sdcc/lib/z80/z80.lib
                                          [ divsigned.rel ]

ASxxxx Linker V03.00 + NoICE + sdld,  page 49.

User Base Address Definitions

_CODE = 0x4000
_DATA = 0xc000
_SEG2=0x00028000
_SEG3=0x00038000
_SEG4=0x00048000
_SEG5=0x00058000
_SEG30=0x001E8000
_SEG31=0x001F8000
_SEG32=0x00208000
_SEG33=0x00218000
_SEG34=0x00228000
_SEG35=0x00238000
_SEG36=0x00248000
_SEG37=0x00258000
_SEG38=0x00268000
_SEG39=0x00278000
_SEG40=0x00288000
_SEG41=0x00298000
_SEG42=0x002A8000
_SEG43=0x002B8000
_SEG44=0x002C8000
_SEG45=0x002D8000
_SEG46=0x002E8000
_SEG47=0x002F8000
_SEG48=0x00308000
_SEG49=0x00318000
_SEG50=0x00328000
_SEG51=0x00338000
_SEG52=0x00348000
_SEG53=0x00358000
_SEG54=0x00368000
_SEG55=0x00378000
_SEG56=0x00388000

